
=== T1 start position
1.0000 Kd1 Me1 Nb1 Ng1 Pa3 Pb3 Pc3 Pd3 Pe3 Pf3 Pg3 Ph3 Ra1 Rh1 Sc1 Sf1 ke8 md8 nb8 ng8 pa6 pb6 pc6 pd6 pe6 pf6 pg6 ph6 ra8 rh8 sc8 sf8
ordinary 23 a1-a2 a3-a4 b1-d2 b3-b4 c1-b2 c1-c2 c1-d2 c3-c4 d1-c2 d1-d2 d1-e2 d3-d4 e1-d2 e1-f2 e3-e4 f1-e2 f1-f2 f1-g2 f3-f4 g1-e2 g3-g4 h1-h2 h3-h4
with splits 30 c1-b2|c2 c1-b2|d2 c1-c2|d2 e1-d2|f2 f1-e2|f2 f1-e2|g2 f1-f2|g2

=== T2 khon and met movement
white khon e4: e4-d3 e4-d5 e4-e5 e4-f3 e4-f5
black khon e5: e5-d4 e5-d6 e5-e4 e5-f4 e5-f6
met d4: d4-c3 d4-c5 d4-e3 d4-e5
khon e4 among enemies: e4-d3 e4-d5 e4-e5 e4-f3 e4-f5

=== T3 bia: no double step, promotion on the sixth rank (forced, to met)
white bias: e3-e4 | c5-b6=m c5-c6=m c5-d6=m
after c5-c6=m: [ '1.0000 Ka1 Mc6 Pe3 kh8 nb6 nd6' ] null
promoted met c6: c6-b5 c6-b7 c6-d5 c6-d7
black bia d4: d4-d3=m d4-e3=m
blocked bia b5: (none)

=== T4 stalemate is a draw
f5-g6: {"winner":null,"reason":"stalemate"}
f5-e6 instead: null black moves h8-g8 h8-h7 h8-g7
Ra1-h1 (mate): null black moves h8-g8 h8-h7 h8-g7 danger 1
h8-g8 then f7-g8: {"winner":0,"reason":"king"}

=== T5 only the two khuns
Kxe5 far from h8: {"winner":null,"reason":"bareKings"}
Kxe5 next to f6: null turn 1 black can f6-e5
f6xe5: {"winner":1,"reason":"king"}

=== T6 bare-khun count: K+R+R vs K, allowance 8-4+1 = 5 chaser moves
after b2xb7: null quiet 0 {"lone":1,"chaser":0,"allow":5,"done":0,"limit":8,"pieces":4}
h8-g8  quiet 1 done 0 null
c3-c4  quiet 2 done 1 null
g8-h8  quiet 3 done 1 null
c4-c5  quiet 4 done 2 null
h8-g8  quiet 5 done 2 null
c5-c4  quiet 6 done 3 null
g8-h8  quiet 7 done 3 null
c4-c5  quiet 8 done 4 null
h8-g8  quiet 9 done 4 null
c5-c4  quiet 10 done 5 {"winner":null,"reason":"count"}

=== T6b capture of the khun on the 5th chaser move wins
c4-g4 as 4th move stalemates: {"winner":null,"reason":"stalemate"}
[ '1.0000 Ka1 Rb7 Rc8 kh7' ] quiet 9 done 4 null
b7-h7 (5th move, captures the khun): {"winner":0,"reason":"king"}
c8-c7 (5th move, quiet): {"winner":null,"reason":"count"}

=== T6c the count waits while the khuns touch
before: {"lone":1,"chaser":0,"allow":5,"done":4,"limit":8,"pieces":4}
f6-f7 (5th move): {"winner":null,"reason":"count"}
f6-g7 (5th move, touching): null then h8-g7: {"winner":1,"reason":"king"}

=== T7 too many pieces for the limit: immediate draw
g1xh2 (9 pieces, limit 8): {"winner":null,"reason":"count"} {"lone":1,"chaser":0,"allow":0,"done":0,"limit":8,"pieces":9}
f1xg2 (7 pieces, limit 8): null {"lone":1,"chaser":0,"allow":2,"done":0,"limit":8,"pieces":7}

=== T8 limits table (allowance = limit - pieces + 1)
K+R vs K       limit 16 pieces 3 allow 14
K+S+S vs K     limit 22 pieces 4 allow 19
K+N+N vs K     limit 32 pieces 4 allow 29
K+S+N+N vs K   limit 32 pieces 5 allow 28
K+S+M vs K     limit 44 pieces 4 allow 41
K+N+M+M vs K   limit 64 pieces 5 allow 60
K+M vs K       limit 64 pieces 3 allow 62
with a bia:  null

=== T9 64-move rule
b2-b3 at quiet 127: {"winner":null,"reason":"quiet"}
c3-c4 at quiet 127: null quiet 0
b2-b3 at quiet 126: null
rolled bia push at quiet 127: [ 'miss p=0.5000 R', 'move p=0.5000 R' ] quiet after Missed 0 null

=== Q1 bia push onto the promotion square where a ghost ma might be
[ 'miss p=0.5000 R', 'move p=0.5000 R' ]
0 1.0000 Ka1 Pc5 kh8 nc6
1 1.0000 Ka1 Mc6 kh8 na5
capture-promotion c5-b6 onto a ghost ma:
[ 'miss p=0.5000 R', 'capture p=0.5000 R' ]

=== Q2 splits: met, khon (forward step), promoted met; bia and khun never split
met d4: d4-c3|e3 d4-c3|c5 d4-c3|e5 d4-e3|c5 d4-e3|e5 d4-c5|e5
khon f5: f5-e4|g4 f5-e4|e6 f5-e4|f6 f5-e4|g6 f5-g4|e6 f5-g4|f6 f5-g4|g6 f5-e6|f6 f5-e6|g6 f5-f6|g6
bia b3: 0 khun a1: 0
after f5-f6|g6: 0.5000 Ka1 Md4 Pb3 Sg6 kh8 / 0.5000 Ka1 Md4 Pb3 Sf6 kh8 budget 2
promoted met split c6-b7|d7: 0.5000 Ka1 Md7 kg8 / 0.5000 Ka1 Mb7 kg8

=== Q3 stalemate in one possibility only: game-end roll
[
  'move[end:{"winner":null,"reason":"stalemate"}] p=0.5000 R',
  'move[end:null] p=0.5000 R'
]
0 {"winner":null,"reason":"stalemate"} 1.0000 Kf7 Mg6 kh8
1 null 1.0000 Kf7 Me4 kh8

=== Q4 bare-khun count waits for a ghost: the last black piece is a 50/50 met
count before: null
[ 'move p=0.5000 R', 'capture p=0.5000 R' ]
0 quiet 21 null 1.0000 Ka1 Rb6 Rc1 kh8 mf6
1 quiet 0 {"lone":1,"chaser":0,"allow":5,"done":0,"limit":8,"pieces":4} 1.0000 Ka1 Rb6 Rc1 kh8

=== Q5 khun captures the last enemy piece, a ghost part
[ 'move p=0.5000 R', 'capture p=0.5000 R' ]
0 null 1.0000 Ke5 kh8 sg5
1 {"winner":null,"reason":"bareKings"} 1.0000 Ke5 kh8

=== Q6 danger ring and king capture by a ghost ma
danger black 0.5
e6-g7 [ 'miss p=0.5000 R', 'capture p=0.5000 R' ]
